0 verbose cli F:\Node js\node.exe C:\Users\prane\AppData\Roaming\npm\node_modules\npm\bin\npm-cli.js
1 info using npm@11.14.1
2 info using node@v20.19.4
3 silly config load:file:C:\Users\prane\AppData\Roaming\npm\node_modules\npm\npmrc
4 silly config load:file:D:\Saloon-sample\.npmrc
5 silly config load:file:C:\Users\prane\.npmrc
6 silly config load:file:C:\Users\prane\AppData\Roaming\npm\etc\npmrc
7 verbose title npm install react react-dom
8 verbose argv "install" "react" "react-dom"
9 verbose logfile logs-max:10 dir:d:\Saloon-sample\.npm-cache\_logs\2026-08-24T12_20_07_457Z-
10 verbose logfile d:\Saloon-sample\.npm-cache\_logs\2026-08-24T12_20_07_457Z-debug-0.log
11 silly logfile done cleaning log files
12 silly packumentCache heap:2197815296 maxSize:549453824 maxEntrySize:274726912
13 silly idealTree buildDeps
14 silly fetch manifest react@*
15 silly packumentCache full:https://registry.npmjs.org/react cache-miss
16 http cache https://registry.npmjs.org/react 82ms (cache hit)
17 silly packumentCache full:https://registry.npmjs.org/react set size:6902730 disposed:false
18 silly fetch manifest react-dom@*
19 silly packumentCache full:https://registry.npmjs.org/react-dom cache-miss
20 http cache https://registry.npmjs.org/react-dom 46ms (cache hit)
21 silly packumentCache full:https://registry.npmjs.org/react-dom set size:9275431 disposed:false
22 silly placeDep ROOT react@19.2.8 REPLACE for:  want: *
23 silly placeDep ROOT react-dom@19.2.8 OK for:  want: *
24 silly fetch manifest scheduler@^0.27.0
25 silly packumentCache full:https://registry.npmjs.org/scheduler cache-miss
26 http fetch GET 200 https://registry.npmjs.org/scheduler 1126ms (cache miss)
27 silly packumentCache full:https://registry.npmjs.org/scheduler set size:undefined disposed:false
28 silly placeDep ROOT scheduler@0.27.0 OK for: react-dom@19.2.8 want: ^0.27.0
29 silly reify moves {}
30 silly audit bulk request {
30 silly audit   autoprefixer: [ '10.5.4' ],
30 silly audit   'baseline-browser-mapping': [ '2.11.18' ],
30 silly audit   browserslist: [ '4.28.8' ],
30 silly audit   'caniuse-lite': [ '1.0.30001809' ],
30 silly audit   clsx: [ '2.1.1' ],
30 silly audit   'electron-to-chromium': [ '1.5.413' ],
30 silly audit   escalade: [ '3.2.0' ],
30 silly audit   'fraction.js': [ '5.3.4' ],
30 silly audit   'framer-motion': [ '13.1.1' ],
30 silly audit   'lucide-react': [ '1.34.0' ],
30 silly audit   'motion-dom': [ '13.1.1' ],
30 silly audit   'motion-utils': [ '13.0.0' ],
30 silly audit   nanoid: [ '3.3.18' ],
30 silly audit   'node-releases': [ '2.0.53' ],
30 silly audit   picocolors: [ '1.1.1' ],
30 silly audit   postcss: [ '8.5.26' ],
30 silly audit   'postcss-value-parser': [ '4.2.0' ],
30 silly audit   'source-map-js': [ '1.2.1' ],
30 silly audit   'tailwind-merge': [ '3.6.0' ],
30 silly audit   tailwindcss: [ '4.3.3' ],
30 silly audit   tslib: [ '2.8.1' ],
30 silly audit   'update-browserslist-db': [ '1.3.1' ],
30 silly audit   react: [ '19.2.8' ],
30 silly audit   'react-dom': [ '19.2.8' ],
30 silly audit   scheduler: [ '0.27.0' ]
30 silly audit }
31 http cache scheduler@https://registry.npmjs.org/scheduler/-/scheduler-0.27.0.tgz 0ms (cache hit)
32 http cache react-dom@https://registry.npmjs.org/react-dom/-/react-dom-19.2.8.tgz 1ms (cache hit)
33 silly tarball no local data for scheduler@https://registry.npmjs.org/scheduler/-/scheduler-0.27.0.tgz. Extracting by manifest.
34 silly tarball no local data for react-dom@https://registry.npmjs.org/react-dom/-/react-dom-19.2.8.tgz. Extracting by manifest.
35 http fetch GET 200 https://registry.npmjs.org/scheduler/-/scheduler-0.27.0.tgz 328ms (cache miss)
36 http fetch POST 200 https://registry.npmjs.org/-/npm/v1/security/advisories/bulk 343ms
37 silly audit report {}
38 http fetch GET 200 https://registry.npmjs.org/react-dom/-/react-dom-19.2.8.tgz 1527ms (cache miss)
39 silly ADD node_modules/scheduler
40 silly ADD node_modules/react-dom
41 verbose cwd D:\Saloon-sample
42 verbose os Windows_NT 10.0.26200
43 verbose node v20.19.4
44 verbose npm  v11.14.1
45 verbose exit 0
46 info ok
