0 verbose cli F:\Node js\node.exe C:\Users\prane\AppData\Roaming\npm\node_modules\npm\bin\npm-cli.js
1 info using npm@11.14.1
2 info using node@v20.19.4
3 silly config load:file:C:\Users\prane\AppData\Roaming\npm\node_modules\npm\npmrc
4 silly config load:file:D:\Saloon-sample\.npmrc
5 silly config load:file:C:\Users\prane\.npmrc
6 silly config load:file:C:\Users\prane\AppData\Roaming\npm\etc\npmrc
7 verbose title npm install
8 verbose argv "install"
9 verbose logfile logs-max:10 dir:d:\Saloon-sample\.npm-cache\_logs\2026-08-24T12_18_52_709Z-
10 verbose logfile d:\Saloon-sample\.npm-cache\_logs\2026-08-24T12_18_52_709Z-debug-0.log
11 silly logfile done cleaning log files
12 silly packumentCache heap:2197815296 maxSize:549453824 maxEntrySize:274726912
13 silly idealTree buildDeps
14 silly reify moves {}
15 verbose stack Error: Could not read package.json: Error: ENOENT: no such file or directory, open 'D:\Saloon-sample\package.json'
15 verbose stack     at async open (node:internal/fs/promises:639:25)
15 verbose stack     at async readFile (node:internal/fs/promises:1246:14)
15 verbose stack     at async read (C:\Users\prane\AppData\Roaming\npm\node_modules\npm\node_modules\@npmcli\package-json\lib\read-package.js:9:18)
15 verbose stack     at async PackageJson.load (C:\Users\prane\AppData\Roaming\npm\node_modules\npm\node_modules\@npmcli\package-json\lib\index.js:131:31)
15 verbose stack     at async PackageJson.normalize (C:\Users\prane\AppData\Roaming\npm\node_modules\npm\node_modules\@npmcli\package-json\lib\index.js:117:5)
15 verbose stack     at async runScript (C:\Users\prane\AppData\Roaming\npm\node_modules\npm\node_modules\@npmcli\run-script\lib\run-script.js:11:28)
15 verbose stack     at async Install.exec (C:\Users\prane\AppData\Roaming\npm\node_modules\npm\lib\commands\install.js:162:9)
15 verbose stack     at async Npm.exec (C:\Users\prane\AppData\Roaming\npm\node_modules\npm\lib\npm.js:193:9)
15 verbose stack     at async module.exports (C:\Users\prane\AppData\Roaming\npm\node_modules\npm\lib\cli\entry.js:67:5)
16 error code ENOENT
17 error syscall open
18 error path D:\Saloon-sample\package.json
19 error errno -4058
20 error enoent Could not read package.json: Error: ENOENT: no such file or directory, open 'D:\Saloon-sample\package.json'
21 error enoent This is related to npm not being able to find a file.
21 error enoent
22 verbose cwd D:\Saloon-sample
23 verbose os Windows_NT 10.0.26200
24 verbose node v20.19.4
25 verbose npm  v11.14.1
26 verbose exit -4058
27 verbose code -4058
28 error A complete log of this run can be found in: d:\Saloon-sample\.npm-cache\_logs\2026-08-24T12_18_52_709Z-debug-0.log
