0 verbose cli F:\Node js\node.exe C:\Users\prane\AppData\Roaming\npm\node_modules\npm\bin\npm-cli.js
1 info using npm@11.14.1
2 info using node@v20.19.4
3 silly config load:file:C:\Users\prane\AppData\Roaming\npm\node_modules\npm\npmrc
4 silly config load:file:D:\Saloon-sample\.npmrc
5 silly config load:file:C:\Users\prane\.npmrc
6 silly config load:file:C:\Users\prane\AppData\Roaming\npm\etc\npmrc
7 verbose title npm install vite @vitejs/plugin-react
8 verbose argv "install" "--save-dev" "vite" "@vitejs/plugin-react"
9 verbose logfile logs-max:10 dir:d:\Saloon-sample\.npm-cache\_logs\2026-08-24T12_20_12_069Z-
10 verbose logfile d:\Saloon-sample\.npm-cache\_logs\2026-08-24T12_20_12_069Z-debug-0.log
11 silly logfile done cleaning log files
12 silly packumentCache heap:2197815296 maxSize:549453824 maxEntrySize:274726912
13 silly idealTree buildDeps
14 silly fetch manifest vite@*
15 silly packumentCache full:https://registry.npmjs.org/vite cache-miss
16 http fetch GET 200 https://registry.npmjs.org/vite 2755ms (cache miss)
17 silly packumentCache full:https://registry.npmjs.org/vite set size:undefined disposed:false
18 silly fetch manifest @types/node@^20.19.0 || >=22.12.0
19 silly packumentCache full:https://registry.npmjs.org/@types%2fnode cache-miss
20 http fetch GET 200 https://registry.npmjs.org/@types%2fnode 770ms (cache miss)
21 silly packumentCache full:https://registry.npmjs.org/@types%2fnode set size:undefined disposed:false
22 silly fetch manifest @vitejs/devtools@^0.4.0 || ^0.5.0
23 silly packumentCache full:https://registry.npmjs.org/@vitejs%2fdevtools cache-miss
24 http fetch GET 200 https://registry.npmjs.org/@vitejs%2fdevtools 541ms (cache miss)
25 silly packumentCache full:https://registry.npmjs.org/@vitejs%2fdevtools set size:undefined disposed:false
26 silly fetch manifest @vitejs/devtools-oxc@^0.5.2
27 silly packumentCache full:https://registry.npmjs.org/@vitejs%2fdevtools-oxc cache-miss
28 http fetch GET 200 https://registry.npmjs.org/@vitejs%2fdevtools-oxc 1045ms (cache miss)
29 silly packumentCache full:https://registry.npmjs.org/@vitejs%2fdevtools-oxc set size:undefined disposed:false
30 silly fetch manifest @vitejs/devtools-rolldown@^0.5.2
31 silly packumentCache full:https://registry.npmjs.org/@vitejs%2fdevtools-rolldown cache-miss
32 http fetch GET 200 https://registry.npmjs.org/@vitejs%2fdevtools-rolldown 880ms (cache miss)
33 silly packumentCache full:https://registry.npmjs.org/@vitejs%2fdevtools-rolldown set size:undefined disposed:false
34 silly fetch manifest @vitejs/devtools-vite@^0.5.2
35 silly packumentCache full:https://registry.npmjs.org/@vitejs%2fdevtools-vite cache-miss
36 http fetch GET 200 https://registry.npmjs.org/@vitejs%2fdevtools-vite 799ms (cache miss)
37 silly packumentCache full:https://registry.npmjs.org/@vitejs%2fdevtools-vite set size:undefined disposed:false
38 silly fetch manifest @vitejs/devtools-vitest@^0.5.2
39 silly packumentCache full:https://registry.npmjs.org/@vitejs%2fdevtools-vitest cache-miss
40 http fetch GET 200 https://registry.npmjs.org/@vitejs%2fdevtools-vitest 544ms (cache miss)
41 silly packumentCache full:https://registry.npmjs.org/@vitejs%2fdevtools-vitest set size:undefined disposed:false
42 silly fetch manifest vitest@*
43 silly packumentCache full:https://registry.npmjs.org/vitest cache-miss
44 http fetch GET 200 https://registry.npmjs.org/vitest 325ms (cache miss)
45 silly packumentCache full:https://registry.npmjs.org/vitest set size:undefined disposed:false
46 silly fetch manifest @edge-runtime/vm@*
47 silly packumentCache full:https://registry.npmjs.org/@edge-runtime%2fvm cache-miss
48 http fetch GET 200 https://registry.npmjs.org/@edge-runtime%2fvm 339ms (cache miss)
49 silly packumentCache full:https://registry.npmjs.org/@edge-runtime%2fvm set size:undefined disposed:false
50 silly fetch manifest @opentelemetry/api@^1.9.0
51 silly packumentCache full:https://registry.npmjs.org/@opentelemetry%2fapi cache-miss
52 http fetch GET 200 https://registry.npmjs.org/@opentelemetry%2fapi 154ms (cache miss)
53 silly packumentCache full:https://registry.npmjs.org/@opentelemetry%2fapi set size:undefined disposed:false
54 silly fetch manifest @vitest/browser-playwright@4.1.11
55 silly packumentCache full:https://registry.npmjs.org/@vitest%2fbrowser-playwright cache-miss
56 http fetch GET 200 https://registry.npmjs.org/@vitest%2fbrowser-playwright 257ms (cache miss)
57 silly packumentCache full:https://registry.npmjs.org/@vitest%2fbrowser-playwright set size:undefined disposed:false
58 silly fetch manifest playwright@*
59 silly packumentCache full:https://registry.npmjs.org/playwright cache-miss
60 http fetch GET 200 https://registry.npmjs.org/playwright 1857ms (cache miss)
61 silly packumentCache full:https://registry.npmjs.org/playwright set size:undefined disposed:false
62 silly fetch manifest @vitest/browser-preview@4.1.11
63 silly packumentCache full:https://registry.npmjs.org/@vitest%2fbrowser-preview cache-miss
64 http fetch GET 200 https://registry.npmjs.org/@vitest%2fbrowser-preview 260ms (cache miss)
65 silly packumentCache full:https://registry.npmjs.org/@vitest%2fbrowser-preview set size:undefined disposed:false
66 silly fetch manifest @vitest/browser-webdriverio@4.1.11
67 silly packumentCache full:https://registry.npmjs.org/@vitest%2fbrowser-webdriverio cache-miss
68 http fetch GET 200 https://registry.npmjs.org/@vitest%2fbrowser-webdriverio 482ms (cache miss)
69 silly packumentCache full:https://registry.npmjs.org/@vitest%2fbrowser-webdriverio set size:undefined disposed:false
70 silly fetch manifest webdriverio@*
71 silly packumentCache full:https://registry.npmjs.org/webdriverio cache-miss
72 http fetch GET 200 https://registry.npmjs.org/webdriverio 337ms (cache miss)
73 silly packumentCache full:https://registry.npmjs.org/webdriverio set size:undefined disposed:false
74 silly fetch manifest puppeteer-core@>=22.x <=24.x
75 silly packumentCache full:https://registry.npmjs.org/puppeteer-core cache-miss
76 http fetch GET 200 https://registry.npmjs.org/puppeteer-core 232ms (cache miss)
77 silly packumentCache full:https://registry.npmjs.org/puppeteer-core set size:undefined disposed:false
78 silly fetch manifest @vitest/coverage-istanbul@4.1.11
79 silly packumentCache full:https://registry.npmjs.org/@vitest%2fcoverage-istanbul cache-miss
80 http fetch GET 200 https://registry.npmjs.org/@vitest%2fcoverage-istanbul 560ms (cache miss)
81 silly packumentCache full:https://registry.npmjs.org/@vitest%2fcoverage-istanbul set size:undefined disposed:false
82 silly fetch manifest @vitest/coverage-v8@4.1.11
83 silly packumentCache full:https://registry.npmjs.org/@vitest%2fcoverage-v8 cache-miss
84 http fetch GET 200 https://registry.npmjs.org/@vitest%2fcoverage-v8 345ms (cache miss)
85 silly packumentCache full:https://registry.npmjs.org/@vitest%2fcoverage-v8 set size:undefined disposed:false
86 silly fetch manifest @vitest/browser@4.1.11
87 silly packumentCache full:https://registry.npmjs.org/@vitest%2fbrowser cache-miss
88 http fetch GET 200 https://registry.npmjs.org/@vitest%2fbrowser 206ms (cache miss)
89 silly packumentCache full:https://registry.npmjs.org/@vitest%2fbrowser set size:undefined disposed:false
90 silly fetch manifest @vitest/ui@4.1.11
91 silly packumentCache full:https://registry.npmjs.org/@vitest%2fui cache-miss
92 http fetch GET 200 https://registry.npmjs.org/@vitest%2fui 272ms (cache miss)
93 silly packumentCache full:https://registry.npmjs.org/@vitest%2fui set size:undefined disposed:false
94 silly fetch manifest happy-dom@*
95 silly packumentCache full:https://registry.npmjs.org/happy-dom cache-miss
96 http fetch GET 200 https://registry.npmjs.org/happy-dom 411ms (cache miss)
97 silly packumentCache full:https://registry.npmjs.org/happy-dom set size:undefined disposed:false
98 silly fetch manifest jsdom@*
99 silly packumentCache full:https://registry.npmjs.org/jsdom cache-miss
100 http fetch GET 200 https://registry.npmjs.org/jsdom 214ms (cache miss)
101 silly packumentCache full:https://registry.npmjs.org/jsdom set size:undefined disposed:false
102 silly fetch manifest canvas@^3.0.0
103 silly packumentCache full:https://registry.npmjs.org/canvas cache-miss
104 http fetch GET 200 https://registry.npmjs.org/canvas 100ms (cache miss)
105 silly packumentCache full:https://registry.npmjs.org/canvas set size:undefined disposed:false
106 silly fetch manifest esbuild@^0.27.0 || ^0.28.0
107 silly packumentCache full:https://registry.npmjs.org/esbuild cache-miss
108 http fetch GET 200 https://registry.npmjs.org/esbuild 300ms (cache miss)
109 silly packumentCache full:https://registry.npmjs.org/esbuild set size:undefined disposed:false
110 silly fetch manifest jiti@>=1.21.0
111 silly packumentCache full:https://registry.npmjs.org/jiti cache-miss
112 http fetch GET 200 https://registry.npmjs.org/jiti 112ms (cache miss)
113 silly packumentCache full:https://registry.npmjs.org/jiti set size:undefined disposed:false
114 silly fetch manifest less@^4.0.0
115 silly packumentCache full:https://registry.npmjs.org/less cache-miss
116 http fetch GET 200 https://registry.npmjs.org/less 107ms (cache miss)
117 silly packumentCache full:https://registry.npmjs.org/less set size:undefined disposed:false
118 silly fetch manifest sass@^1.70.0
119 silly packumentCache full:https://registry.npmjs.org/sass cache-miss
120 http fetch GET 200 https://registry.npmjs.org/sass 239ms (cache miss)
121 silly packumentCache full:https://registry.npmjs.org/sass set size:undefined disposed:false
122 silly fetch manifest sass-embedded@^1.70.0
123 silly packumentCache full:https://registry.npmjs.org/sass-embedded cache-miss
124 http fetch GET 200 https://registry.npmjs.org/sass-embedded 124ms (cache miss)
125 silly packumentCache full:https://registry.npmjs.org/sass-embedded set size:undefined disposed:false
126 silly fetch manifest stylus@>=0.54.8
127 silly packumentCache full:https://registry.npmjs.org/stylus cache-miss
128 http fetch GET 200 https://registry.npmjs.org/stylus 178ms (cache miss)
129 silly packumentCache full:https://registry.npmjs.org/stylus set size:undefined disposed:false
130 silly fetch manifest sugarss@^5.0.0
131 silly packumentCache full:https://registry.npmjs.org/sugarss cache-miss
132 http fetch GET 200 https://registry.npmjs.org/sugarss 175ms (cache miss)
133 silly packumentCache full:https://registry.npmjs.org/sugarss set size:undefined disposed:false
134 silly fetch manifest postcss@^8.5.26
135 silly packumentCache full:https://registry.npmjs.org/postcss cache-miss
136 http cache https://registry.npmjs.org/postcss 25ms (cache hit)
137 silly packumentCache full:https://registry.npmjs.org/postcss set size:760024 disposed:false
138 silly fetch manifest terser@^5.16.0
139 silly packumentCache full:https://registry.npmjs.org/terser cache-miss
140 http fetch GET 200 https://registry.npmjs.org/terser 200ms (cache miss)
141 silly packumentCache full:https://registry.npmjs.org/terser set size:undefined disposed:false
142 silly fetch manifest tsx@^4.8.1
143 silly packumentCache full:https://registry.npmjs.org/tsx cache-miss
144 http fetch GET 200 https://registry.npmjs.org/tsx 161ms (cache miss)
145 silly packumentCache full:https://registry.npmjs.org/tsx set size:undefined disposed:false
146 silly fetch manifest yaml@^2.4.2
147 silly packumentCache full:https://registry.npmjs.org/yaml cache-miss
148 http fetch GET 200 https://registry.npmjs.org/yaml 163ms (cache miss)
149 silly packumentCache full:https://registry.npmjs.org/yaml set size:undefined disposed:false
150 silly fetch manifest @vitejs/plugin-react@*
151 silly packumentCache full:https://registry.npmjs.org/@vitejs%2fplugin-react cache-miss
152 http fetch GET 200 https://registry.npmjs.org/@vitejs%2fplugin-react 244ms (cache miss)
153 silly packumentCache full:https://registry.npmjs.org/@vitejs%2fplugin-react set size:undefined disposed:false
154 silly fetch manifest @rolldown/plugin-babel@^0.1.7 || ^0.2.0
155 silly packumentCache full:https://registry.npmjs.org/@rolldown%2fplugin-babel cache-miss
156 http fetch GET 200 https://registry.npmjs.org/@rolldown%2fplugin-babel 311ms (cache miss)
157 silly packumentCache full:https://registry.npmjs.org/@rolldown%2fplugin-babel set size:undefined disposed:false
158 silly fetch manifest @babel/core@^7.29.0 || ^8.0.0-rc.1
159 silly packumentCache full:https://registry.npmjs.org/@babel%2fcore cache-miss
160 http fetch GET 200 https://registry.npmjs.org/@babel%2fcore 155ms (cache miss)
161 silly packumentCache full:https://registry.npmjs.org/@babel%2fcore set size:undefined disposed:false
162 silly fetch manifest @babel/preset-typescript@^8.0.0-0
163 silly packumentCache full:https://registry.npmjs.org/@babel%2fpreset-typescript cache-miss
164 http fetch GET 200 https://registry.npmjs.org/@babel%2fpreset-typescript 652ms (cache miss)
165 silly packumentCache full:https://registry.npmjs.org/@babel%2fpreset-typescript set size:undefined disposed:false
166 silly fetch manifest @babel/plugin-transform-runtime@^7.29.0 || ^8.0.0-rc.1
167 silly packumentCache full:https://registry.npmjs.org/@babel%2fplugin-transform-runtime cache-miss
168 http fetch GET 200 https://registry.npmjs.org/@babel%2fplugin-transform-runtime 174ms (cache miss)
169 silly packumentCache full:https://registry.npmjs.org/@babel%2fplugin-transform-runtime set size:undefined disposed:false
170 silly fetch manifest @babel/runtime@^7.27.0 || ^8.0.0-rc.1
171 silly packumentCache full:https://registry.npmjs.org/@babel%2fruntime cache-miss
172 http fetch GET 200 https://registry.npmjs.org/@babel%2fruntime 720ms (cache miss)
173 silly packumentCache full:https://registry.npmjs.org/@babel%2fruntime set size:undefined disposed:false
174 silly fetch manifest rolldown@^1.0.0-rc.5
175 silly packumentCache full:https://registry.npmjs.org/rolldown cache-miss
176 http fetch GET 200 https://registry.npmjs.org/rolldown 574ms (cache miss)
177 silly packumentCache full:https://registry.npmjs.org/rolldown set size:undefined disposed:false
178 silly fetch manifest babel-plugin-react-compiler@^1.0.0
179 silly packumentCache full:https://registry.npmjs.org/babel-plugin-react-compiler cache-miss
180 http fetch GET 200 https://registry.npmjs.org/babel-plugin-react-compiler 157ms (cache miss)
181 silly packumentCache full:https://registry.npmjs.org/babel-plugin-react-compiler set size:undefined disposed:false
182 silly fetch manifest oxc-transform-react@^0.145.0
183 silly packumentCache full:https://registry.npmjs.org/oxc-transform-react cache-miss
184 http fetch GET 200 https://registry.npmjs.org/oxc-transform-react 344ms (cache miss)
185 silly packumentCache full:https://registry.npmjs.org/oxc-transform-react set size:undefined disposed:false
186 silly placeDep ROOT @vitejs/plugin-react@6.1.0 OK for:  want: *
187 silly placeDep ROOT vite@8.2.2 OK for: @vitejs/plugin-react@6.1.0 want: ^8.0.0
188 silly placeDep ROOT vite@8.2.2 REPLACE for:  want: *
189 silly fetch manifest @rolldown/pluginutils@^1.0.1
190 silly packumentCache full:https://registry.npmjs.org/@rolldown%2fpluginutils cache-miss
191 silly fetch manifest rolldown@~1.2.4
192 silly packumentCache full:https://registry.npmjs.org/rolldown cache-miss
193 silly fetch manifest picomatch@^4.0.5
194 silly packumentCache full:https://registry.npmjs.org/picomatch cache-miss
195 silly fetch manifest tinyglobby@^0.2.17
196 silly packumentCache full:https://registry.npmjs.org/tinyglobby cache-miss
197 silly fetch manifest lightningcss@^1.33.0
198 silly packumentCache full:https://registry.npmjs.org/lightningcss cache-miss
199 silly fetch manifest fsevents@~2.3.3
200 silly packumentCache full:https://registry.npmjs.org/fsevents cache-miss
201 silly fetch manifest rolldown@~1.2.4
202 silly packumentCache full:https://registry.npmjs.org/rolldown cache-miss
203 silly fetch manifest picomatch@^4.0.5
204 silly packumentCache full:https://registry.npmjs.org/picomatch cache-miss
205 silly fetch manifest tinyglobby@^0.2.17
206 silly packumentCache full:https://registry.npmjs.org/tinyglobby cache-miss
207 silly fetch manifest lightningcss@^1.33.0
208 silly packumentCache full:https://registry.npmjs.org/lightningcss cache-miss
209 silly fetch manifest fsevents@~2.3.3
210 silly packumentCache full:https://registry.npmjs.org/fsevents cache-miss
211 http cache https://registry.npmjs.org/rolldown 75ms (cache hit)
212 silly packumentCache full:https://registry.npmjs.org/rolldown set size:3795090 disposed:false
213 http cache https://registry.npmjs.org/rolldown 119ms (cache hit)
214 silly packumentCache full:https://registry.npmjs.org/rolldown set size:3795090 disposed:false
215 http fetch GET 200 https://registry.npmjs.org/@rolldown%2fpluginutils 206ms (cache miss)
216 silly packumentCache full:https://registry.npmjs.org/@rolldown%2fpluginutils set size:undefined disposed:false
217 http fetch GET 200 https://registry.npmjs.org/tinyglobby 405ms (cache miss)
218 silly packumentCache full:https://registry.npmjs.org/tinyglobby set size:undefined disposed:false
219 http fetch GET 200 https://registry.npmjs.org/fsevents 421ms (cache miss)
220 silly packumentCache full:https://registry.npmjs.org/fsevents set size:undefined disposed:false
221 http fetch GET 200 https://registry.npmjs.org/picomatch 491ms (cache miss)
222 silly packumentCache full:https://registry.npmjs.org/picomatch set size:undefined disposed:false
223 http fetch GET 200 https://registry.npmjs.org/lightningcss 531ms (cache miss)
224 silly packumentCache full:https://registry.npmjs.org/lightningcss set size:undefined disposed:false
225 http fetch GET 200 https://registry.npmjs.org/fsevents 536ms (cache miss)
226 silly packumentCache full:https://registry.npmjs.org/fsevents set size:undefined disposed:false
227 http fetch GET 200 https://registry.npmjs.org/lightningcss 558ms (cache miss)
228 silly packumentCache full:https://registry.npmjs.org/lightningcss set size:undefined disposed:false
229 http fetch GET 200 https://registry.npmjs.org/tinyglobby 571ms (cache miss)
230 silly packumentCache full:https://registry.npmjs.org/tinyglobby set size:undefined disposed:false
231 http fetch GET 200 https://registry.npmjs.org/picomatch 569ms (cache miss)
232 silly packumentCache full:https://registry.npmjs.org/picomatch set size:undefined disposed:false
233 silly placeDep ROOT @rolldown/pluginutils@1.0.1 OK for: @vitejs/plugin-react@6.1.0 want: ^1.0.1
234 silly placeDep ROOT fsevents@2.3.3 OK for: vite@8.2.2 want: ~2.3.3
235 silly placeDep ROOT lightningcss@1.33.0 OK for: vite@8.2.2 want: ^1.33.0
236 silly placeDep ROOT picomatch@4.0.5 OK for: vite@8.2.2 want: ^4.0.5
237 silly placeDep ROOT rolldown@1.2.5 OK for: vite@8.2.2 want: ~1.2.4
238 silly placeDep ROOT tinyglobby@0.2.17 OK for: vite@8.2.2 want: ^0.2.17
239 silly fetch manifest detect-libc@^2.0.3
240 silly packumentCache full:https://registry.npmjs.org/detect-libc cache-miss
241 silly fetch manifest lightningcss-darwin-x64@1.33.0
242 silly packumentCache full:https://registry.npmjs.org/lightningcss-darwin-x64 cache-miss
243 silly fetch manifest lightningcss-linux-x64-gnu@1.33.0
244 silly packumentCache full:https://registry.npmjs.org/lightningcss-linux-x64-gnu cache-miss
245 silly fetch manifest lightningcss-win32-x64-msvc@1.33.0
246 silly packumentCache full:https://registry.npmjs.org/lightningcss-win32-x64-msvc cache-miss
247 silly fetch manifest lightningcss-win32-arm64-msvc@1.33.0
248 silly packumentCache full:https://registry.npmjs.org/lightningcss-win32-arm64-msvc cache-miss
249 silly fetch manifest lightningcss-darwin-arm64@1.33.0
250 silly packumentCache full:https://registry.npmjs.org/lightningcss-darwin-arm64 cache-miss
251 silly fetch manifest lightningcss-linux-arm64-gnu@1.33.0
252 silly packumentCache full:https://registry.npmjs.org/lightningcss-linux-arm64-gnu cache-miss
253 silly fetch manifest lightningcss-linux-arm-gnueabihf@1.33.0
254 silly packumentCache full:https://registry.npmjs.org/lightningcss-linux-arm-gnueabihf cache-miss
255 silly fetch manifest lightningcss-linux-arm64-musl@1.33.0
256 silly packumentCache full:https://registry.npmjs.org/lightningcss-linux-arm64-musl cache-miss
257 silly fetch manifest lightningcss-linux-x64-musl@1.33.0
258 silly packumentCache full:https://registry.npmjs.org/lightningcss-linux-x64-musl cache-miss
259 silly fetch manifest lightningcss-freebsd-x64@1.33.0
260 silly packumentCache full:https://registry.npmjs.org/lightningcss-freebsd-x64 cache-miss
261 silly fetch manifest lightningcss-android-arm64@1.33.0
262 silly packumentCache full:https://registry.npmjs.org/lightningcss-android-arm64 cache-miss
263 silly fetch manifest @oxc-project/types@=0.146.0
264 silly packumentCache full:https://registry.npmjs.org/@oxc-project%2ftypes cache-miss
265 silly fetch manifest @rolldown/binding-darwin-x64@1.2.5
266 silly packumentCache full:https://registry.npmjs.org/@rolldown%2fbinding-darwin-x64 cache-miss
267 silly fetch manifest @rolldown/binding-freebsd-x64@1.2.5
268 silly packumentCache full:https://registry.npmjs.org/@rolldown%2fbinding-freebsd-x64 cache-miss
269 http fetch GET 200 https://registry.npmjs.org/lightningcss-win32-arm64-msvc 281ms (cache miss)
270 silly packumentCache full:https://registry.npmjs.org/lightningcss-win32-arm64-msvc set size:undefined disposed:false
271 silly fetch manifest @rolldown/binding-darwin-arm64@1.2.5
272 silly packumentCache full:https://registry.npmjs.org/@rolldown%2fbinding-darwin-arm64 cache-miss
273 http fetch GET 200 https://registry.npmjs.org/detect-libc 298ms (cache miss)
274 silly packumentCache full:https://registry.npmjs.org/detect-libc set size:undefined disposed:false
275 silly fetch manifest @rolldown/binding-android-arm64@1.2.5
276 silly packumentCache full:https://registry.npmjs.org/@rolldown%2fbinding-android-arm64 cache-miss
277 http fetch GET 200 https://registry.npmjs.org/lightningcss-darwin-arm64 300ms (cache miss)
278 silly packumentCache full:https://registry.npmjs.org/lightningcss-darwin-arm64 set size:undefined disposed:false
279 silly fetch manifest @rolldown/binding-linux-x64-gnu@1.2.5
280 silly packumentCache full:https://registry.npmjs.org/@rolldown%2fbinding-linux-x64-gnu cache-miss
281 http fetch GET 200 https://registry.npmjs.org/lightningcss-linux-x64-gnu 349ms (cache miss)
282 silly packumentCache full:https://registry.npmjs.org/lightningcss-linux-x64-gnu set size:undefined disposed:false
283 silly fetch manifest @rolldown/binding-linux-x64-musl@1.2.5
284 silly packumentCache full:https://registry.npmjs.org/@rolldown%2fbinding-linux-x64-musl cache-miss
285 http fetch GET 200 https://registry.npmjs.org/lightningcss-linux-arm64-gnu 352ms (cache miss)
286 silly packumentCache full:https://registry.npmjs.org/lightningcss-linux-arm64-gnu set size:undefined disposed:false
287 silly fetch manifest @rolldown/binding-win32-x64-msvc@1.2.5
288 silly packumentCache full:https://registry.npmjs.org/@rolldown%2fbinding-win32-x64-msvc cache-miss
289 http fetch GET 200 https://registry.npmjs.org/lightningcss-linux-arm-gnueabihf 360ms (cache miss)
290 silly packumentCache full:https://registry.npmjs.org/lightningcss-linux-arm-gnueabihf set size:undefined disposed:false
291 silly fetch manifest @rolldown/binding-linux-arm64-gnu@1.2.5
292 silly packumentCache full:https://registry.npmjs.org/@rolldown%2fbinding-linux-arm64-gnu cache-miss
293 http fetch GET 200 https://registry.npmjs.org/lightningcss-linux-arm64-musl 369ms (cache miss)
294 silly packumentCache full:https://registry.npmjs.org/lightningcss-linux-arm64-musl set size:undefined disposed:false
295 silly fetch manifest @rolldown/binding-linux-ppc64-gnu@1.2.5
296 silly packumentCache full:https://registry.npmjs.org/@rolldown%2fbinding-linux-ppc64-gnu cache-miss
297 http fetch GET 200 https://registry.npmjs.org/lightningcss-win32-x64-msvc 384ms (cache miss)
298 silly packumentCache full:https://registry.npmjs.org/lightningcss-win32-x64-msvc set size:undefined disposed:false
299 silly fetch manifest @rolldown/binding-linux-s390x-gnu@1.2.5
300 silly packumentCache full:https://registry.npmjs.org/@rolldown%2fbinding-linux-s390x-gnu cache-miss
301 http fetch GET 200 https://registry.npmjs.org/lightningcss-darwin-x64 394ms (cache miss)
302 silly packumentCache full:https://registry.npmjs.org/lightningcss-darwin-x64 set size:undefined disposed:false
303 silly fetch manifest @rolldown/binding-android-arm-eabi@1.2.5
304 silly packumentCache full:https://registry.npmjs.org/@rolldown%2fbinding-android-arm-eabi cache-miss
305 http fetch GET 200 https://registry.npmjs.org/lightningcss-android-arm64 386ms (cache miss)
306 silly packumentCache full:https://registry.npmjs.org/lightningcss-android-arm64 set size:undefined disposed:false
307 silly fetch manifest @rolldown/binding-linux-arm64-musl@1.2.5
308 silly packumentCache full:https://registry.npmjs.org/@rolldown%2fbinding-linux-arm64-musl cache-miss
309 http fetch GET 200 https://registry.npmjs.org/lightningcss-linux-x64-musl 418ms (cache miss)
310 silly packumentCache full:https://registry.npmjs.org/lightningcss-linux-x64-musl set size:undefined disposed:false
311 silly fetch manifest @rolldown/binding-win32-arm64-msvc@1.2.5
312 silly packumentCache full:https://registry.npmjs.org/@rolldown%2fbinding-win32-arm64-msvc cache-miss
313 http fetch GET 200 https://registry.npmjs.org/lightningcss-freebsd-x64 429ms (cache miss)
314 silly packumentCache full:https://registry.npmjs.org/lightningcss-freebsd-x64 set size:undefined disposed:false
315 silly fetch manifest @rolldown/binding-openharmony-arm64@1.2.5
316 silly packumentCache full:https://registry.npmjs.org/@rolldown%2fbinding-openharmony-arm64 cache-miss
317 http fetch GET 200 https://registry.npmjs.org/@rolldown%2fbinding-android-arm64 147ms (cache miss)
318 silly packumentCache full:https://registry.npmjs.org/@rolldown%2fbinding-android-arm64 set size:undefined disposed:false
319 silly fetch manifest @rolldown/binding-linux-arm-gnueabihf@1.2.5
320 silly packumentCache full:https://registry.npmjs.org/@rolldown%2fbinding-linux-arm-gnueabihf cache-miss
321 http fetch GET 200 https://registry.npmjs.org/@rolldown%2fbinding-linux-ppc64-gnu 311ms (cache miss)
322 silly packumentCache full:https://registry.npmjs.org/@rolldown%2fbinding-linux-ppc64-gnu set size:undefined disposed:false
323 silly fetch manifest fdir@^6.5.0
324 silly packumentCache full:https://registry.npmjs.org/fdir cache-miss
325 http fetch GET 200 https://registry.npmjs.org/@rolldown%2fbinding-android-arm-eabi 303ms (cache miss)
326 silly packumentCache full:https://registry.npmjs.org/@rolldown%2fbinding-android-arm-eabi set size:undefined disposed:false
327 http fetch GET 200 https://registry.npmjs.org/@rolldown%2fbinding-linux-s390x-gnu 317ms (cache miss)
328 silly packumentCache full:https://registry.npmjs.org/@rolldown%2fbinding-linux-s390x-gnu set size:undefined disposed:false
329 http fetch GET 200 https://registry.npmjs.org/@rolldown%2fbinding-freebsd-x64 703ms (cache miss)
330 silly packumentCache full:https://registry.npmjs.org/@rolldown%2fbinding-freebsd-x64 set size:undefined disposed:false
331 http fetch GET 200 https://registry.npmjs.org/@oxc-project%2ftypes 762ms (cache miss)
332 silly packumentCache full:https://registry.npmjs.org/@oxc-project%2ftypes set size:undefined disposed:false
333 http fetch GET 200 https://registry.npmjs.org/@rolldown%2fbinding-darwin-arm64 535ms (cache miss)
334 silly packumentCache full:https://registry.npmjs.org/@rolldown%2fbinding-darwin-arm64 set size:undefined disposed:false
335 http fetch GET 200 https://registry.npmjs.org/@rolldown%2fbinding-openharmony-arm64 399ms (cache miss)
336 silly packumentCache full:https://registry.npmjs.org/@rolldown%2fbinding-openharmony-arm64 set size:undefined disposed:false
337 http fetch GET 200 https://registry.npmjs.org/fdir 216ms (cache miss)
338 silly packumentCache full:https://registry.npmjs.org/fdir set size:undefined disposed:false
339 http fetch GET 200 https://registry.npmjs.org/@rolldown%2fbinding-win32-arm64-msvc 549ms (cache miss)
340 silly packumentCache full:https://registry.npmjs.org/@rolldown%2fbinding-win32-arm64-msvc set size:undefined disposed:false
341 http fetch GET 200 https://registry.npmjs.org/@rolldown%2fbinding-linux-arm-gnueabihf 660ms (cache miss)
342 silly packumentCache full:https://registry.npmjs.org/@rolldown%2fbinding-linux-arm-gnueabihf set size:undefined disposed:false
343 http fetch GET 200 https://registry.npmjs.org/@rolldown%2fbinding-linux-x64-gnu 821ms (cache miss)
344 silly packumentCache full:https://registry.npmjs.org/@rolldown%2fbinding-linux-x64-gnu set size:undefined disposed:false
345 http fetch GET 200 https://registry.npmjs.org/@rolldown%2fbinding-win32-x64-msvc 834ms (cache miss)
346 silly packumentCache full:https://registry.npmjs.org/@rolldown%2fbinding-win32-x64-msvc set size:undefined disposed:false
347 http fetch GET 200 https://registry.npmjs.org/@rolldown%2fbinding-linux-x64-musl 866ms (cache miss)
348 silly packumentCache full:https://registry.npmjs.org/@rolldown%2fbinding-linux-x64-musl set size:undefined disposed:false
349 http fetch GET 200 https://registry.npmjs.org/@rolldown%2fbinding-linux-arm64-musl 837ms (cache miss)
350 silly packumentCache full:https://registry.npmjs.org/@rolldown%2fbinding-linux-arm64-musl set size:undefined disposed:false
351 http fetch GET 200 https://registry.npmjs.org/@rolldown%2fbinding-darwin-x64 1238ms (cache miss)
352 silly packumentCache full:https://registry.npmjs.org/@rolldown%2fbinding-darwin-x64 set size:undefined disposed:false
353 http fetch GET 200 https://registry.npmjs.org/@rolldown%2fbinding-linux-arm64-gnu 923ms (cache miss)
354 silly packumentCache full:https://registry.npmjs.org/@rolldown%2fbinding-linux-arm64-gnu set size:undefined disposed:false
355 silly placeDep ROOT detect-libc@2.1.2 OK for: lightningcss@1.33.0 want: ^2.0.3
356 silly placeDep ROOT lightningcss-android-arm64@1.33.0 OK for: lightningcss@1.33.0 want: 1.33.0
357 silly placeDep ROOT lightningcss-darwin-arm64@1.33.0 OK for: lightningcss@1.33.0 want: 1.33.0
358 silly placeDep ROOT lightningcss-darwin-x64@1.33.0 OK for: lightningcss@1.33.0 want: 1.33.0
359 silly placeDep ROOT lightningcss-freebsd-x64@1.33.0 OK for: lightningcss@1.33.0 want: 1.33.0
360 silly placeDep ROOT lightningcss-linux-arm-gnueabihf@1.33.0 OK for: lightningcss@1.33.0 want: 1.33.0
361 silly placeDep ROOT lightningcss-linux-arm64-gnu@1.33.0 OK for: lightningcss@1.33.0 want: 1.33.0
362 silly placeDep ROOT lightningcss-linux-arm64-musl@1.33.0 OK for: lightningcss@1.33.0 want: 1.33.0
363 silly placeDep ROOT lightningcss-linux-x64-gnu@1.33.0 OK for: lightningcss@1.33.0 want: 1.33.0
364 silly placeDep ROOT lightningcss-linux-x64-musl@1.33.0 OK for: lightningcss@1.33.0 want: 1.33.0
365 silly placeDep ROOT lightningcss-win32-arm64-msvc@1.33.0 OK for: lightningcss@1.33.0 want: 1.33.0
366 silly placeDep ROOT lightningcss-win32-x64-msvc@1.33.0 OK for: lightningcss@1.33.0 want: 1.33.0
367 silly placeDep ROOT @oxc-project/types@0.146.0 OK for: rolldown@1.2.5 want: =0.146.0
368 silly placeDep ROOT @rolldown/binding-android-arm-eabi@1.2.5 OK for: rolldown@1.2.5 want: 1.2.5
369 silly placeDep ROOT @rolldown/binding-android-arm64@1.2.5 OK for: rolldown@1.2.5 want: 1.2.5
370 silly placeDep ROOT @rolldown/binding-darwin-arm64@1.2.5 OK for: rolldown@1.2.5 want: 1.2.5
371 silly placeDep ROOT @rolldown/binding-darwin-x64@1.2.5 OK for: rolldown@1.2.5 want: 1.2.5
372 silly placeDep ROOT @rolldown/binding-freebsd-x64@1.2.5 OK for: rolldown@1.2.5 want: 1.2.5
373 silly placeDep ROOT @rolldown/binding-linux-arm-gnueabihf@1.2.5 OK for: rolldown@1.2.5 want: 1.2.5
374 silly placeDep ROOT @rolldown/binding-linux-arm64-gnu@1.2.5 OK for: rolldown@1.2.5 want: 1.2.5
375 silly placeDep ROOT @rolldown/binding-linux-arm64-musl@1.2.5 OK for: rolldown@1.2.5 want: 1.2.5
376 silly placeDep ROOT @rolldown/binding-linux-ppc64-gnu@1.2.5 OK for: rolldown@1.2.5 want: 1.2.5
377 silly placeDep ROOT @rolldown/binding-linux-s390x-gnu@1.2.5 OK for: rolldown@1.2.5 want: 1.2.5
378 silly placeDep ROOT @rolldown/binding-linux-x64-gnu@1.2.5 OK for: rolldown@1.2.5 want: 1.2.5
379 silly placeDep ROOT @rolldown/binding-linux-x64-musl@1.2.5 OK for: rolldown@1.2.5 want: 1.2.5
380 silly placeDep ROOT @rolldown/binding-openharmony-arm64@1.2.5 OK for: rolldown@1.2.5 want: 1.2.5
381 silly placeDep ROOT @rolldown/binding-win32-arm64-msvc@1.2.5 OK for: rolldown@1.2.5 want: 1.2.5
382 silly placeDep ROOT @rolldown/binding-win32-x64-msvc@1.2.5 OK for: rolldown@1.2.5 want: 1.2.5
383 silly fetch manifest picomatch@^4.0.4
384 silly packumentCache full:https://registry.npmjs.org/picomatch cache-miss
385 http cache https://registry.npmjs.org/picomatch 14ms (cache hit)
386 silly packumentCache full:https://registry.npmjs.org/picomatch set size:128942 disposed:false
387 silly placeDep ROOT fdir@6.5.0 OK for: tinyglobby@0.2.17 want: ^6.5.0
388 silly reify moves {}
389 silly audit bulk request {
389 silly audit   autoprefixer: [ '10.5.4' ],
389 silly audit   'baseline-browser-mapping': [ '2.11.18' ],
389 silly audit   browserslist: [ '4.28.8' ],
389 silly audit   'caniuse-lite': [ '1.0.30001809' ],
389 silly audit   clsx: [ '2.1.1' ],
389 silly audit   'electron-to-chromium': [ '1.5.413' ],
389 silly audit   escalade: [ '3.2.0' ],
389 silly audit   'fraction.js': [ '5.3.4' ],
389 silly audit   'framer-motion': [ '13.1.1' ],
389 silly audit   'lucide-react': [ '1.34.0' ],
389 silly audit   'motion-dom': [ '13.1.1' ],
389 silly audit   'motion-utils': [ '13.0.0' ],
389 silly audit   nanoid: [ '3.3.18' ],
389 silly audit   'node-releases': [ '2.0.53' ],
389 silly audit   picocolors: [ '1.1.1' ],
389 silly audit   postcss: [ '8.5.26' ],
389 silly audit   'postcss-value-parser': [ '4.2.0' ],
389 silly audit   react: [ '19.2.8' ],
389 silly audit   'react-dom': [ '19.2.8' ],
389 silly audit   scheduler: [ '0.27.0' ],
389 silly audit   'source-map-js': [ '1.2.1' ],
389 silly audit   'tailwind-merge': [ '3.6.0' ],
389 silly audit   tailwindcss: [ '4.3.3' ],
389 silly audit   tslib: [ '2.8.1' ],
389 silly audit   'update-browserslist-db': [ '1.3.1' ],
389 silly audit   '@vitejs/plugin-react': [ '6.1.0' ],
389 silly audit   vite: [ '8.2.2' ],
389 silly audit   '@rolldown/pluginutils': [ '1.0.1' ],
389 silly audit   fsevents: [ '2.3.3' ],
389 silly audit   lightningcss: [ '1.33.0' ],
389 silly audit   picomatch: [ '4.0.5' ],
389 silly audit   rolldown: [ '1.2.5' ],
389 silly audit   tinyglobby: [ '0.2.17' ],
389 silly audit   'detect-libc': [ '2.1.2' ],
389 silly audit   'lightningcss-android-arm64': [ '1.33.0' ],
389 silly audit   'lightningcss-darwin-arm64': [ '1.33.0' ],
389 silly audit   'lightningcss-darwin-x64': [ '1.33.0' ],
389 silly audit   'lightningcss-freebsd-x64': [ '1.33.0' ],
389 silly audit   'lightningcss-linux-arm-gnueabihf': [ '1.33.0' ],
389 silly audit   'lightningcss-linux-arm64-gnu': [ '1.33.0' ],
389 silly audit   'lightningcss-linux-arm64-musl': [ '1.33.0' ],
389 silly audit   'lightningcss-linux-x64-gnu': [ '1.33.0' ],
389 silly audit   'lightningcss-linux-x64-musl': [ '1.33.0' ],
389 silly audit   'lightningcss-win32-arm64-msvc': [ '1.33.0' ],
389 silly audit   'lightningcss-win32-x64-msvc': [ '1.33.0' ],
389 silly audit   '@oxc-project/types': [ '0.146.0' ],
389 silly audit   '@rolldown/binding-android-arm-eabi': [ '1.2.5' ],
389 silly audit   '@rolldown/binding-android-arm64': [ '1.2.5' ],
389 silly audit   '@rolldown/binding-darwin-arm64': [ '1.2.5' ],
389 silly audit   '@rolldown/binding-darwin-x64': [ '1.2.5' ],
389 silly audit   '@rolldown/binding-freebsd-x64': [ '1.2.5' ],
389 silly audit   '@rolldown/binding-linux-arm-gnueabihf': [ '1.2.5' ],
389 silly audit   '@rolldown/binding-linux-arm64-gnu': [ '1.2.5' ],
389 silly audit   '@rolldown/binding-linux-arm64-musl': [ '1.2.5' ],
389 silly audit   '@rolldown/binding-linux-ppc64-gnu': [ '1.2.5' ],
389 silly audit   '@rolldown/binding-linux-s390x-gnu': [ '1.2.5' ],
389 silly audit   '@rolldown/binding-linux-x64-gnu': [ '1.2.5' ],
389 silly audit   '@rolldown/binding-linux-x64-musl': [ '1.2.5' ],
389 silly audit   '@rolldown/binding-openharmony-arm64': [ '1.2.5' ],
389 silly audit   '@rolldown/binding-win32-arm64-msvc': [ '1.2.5' ],
389 silly audit   '@rolldown/binding-win32-x64-msvc': [ '1.2.5' ],
389 silly audit   fdir: [ '6.5.0' ]
389 silly audit }
390 http cache @rolldown/binding-win32-x64-msvc@https://registry.npmjs.org/@rolldown/binding-win32-x64-msvc/-/binding-win32-x64-msvc-1.2.5.tgz 0ms (cache hit)
391 http cache @oxc-project/types@https://registry.npmjs.org/@oxc-project/types/-/types-0.146.0.tgz 0ms (cache hit)
392 http cache fdir@https://registry.npmjs.org/fdir/-/fdir-6.5.0.tgz 0ms (cache hit)
393 http cache lightningcss-win32-x64-msvc@https://registry.npmjs.org/lightningcss-win32-x64-msvc/-/lightningcss-win32-x64-msvc-1.33.0.tgz 0ms (cache hit)
394 http cache tinyglobby@https://registry.npmjs.org/tinyglobby/-/tinyglobby-0.2.17.tgz 0ms (cache hit)
395 http cache detect-libc@https://registry.npmjs.org/detect-libc/-/detect-libc-2.1.2.tgz 0ms (cache hit)
396 http cache @rolldown/pluginutils@https://registry.npmjs.org/@rolldown/pluginutils/-/pluginutils-1.0.1.tgz 0ms (cache hit)
397 http cache rolldown@https://registry.npmjs.org/rolldown/-/rolldown-1.2.5.tgz 0ms (cache hit)
398 http cache picomatch@https://registry.npmjs.org/picomatch/-/picomatch-4.0.5.tgz 0ms (cache hit)
399 http cache lightningcss@https://registry.npmjs.org/lightningcss/-/lightningcss-1.33.0.tgz 0ms (cache hit)
400 http cache @vitejs/plugin-react@https://registry.npmjs.org/@vitejs/plugin-react/-/plugin-react-6.1.0.tgz 0ms (cache hit)
401 http cache vite@https://registry.npmjs.org/vite/-/vite-8.2.2.tgz 0ms (cache hit)
402 silly tarball no local data for @rolldown/binding-win32-x64-msvc@https://registry.npmjs.org/@rolldown/binding-win32-x64-msvc/-/binding-win32-x64-msvc-1.2.5.tgz. Extracting by manifest.
403 silly tarball no local data for @oxc-project/types@https://registry.npmjs.org/@oxc-project/types/-/types-0.146.0.tgz. Extracting by manifest.
404 silly tarball no local data for fdir@https://registry.npmjs.org/fdir/-/fdir-6.5.0.tgz. Extracting by manifest.
405 silly tarball no local data for lightningcss-win32-x64-msvc@https://registry.npmjs.org/lightningcss-win32-x64-msvc/-/lightningcss-win32-x64-msvc-1.33.0.tgz. Extracting by manifest.
406 silly tarball no local data for tinyglobby@https://registry.npmjs.org/tinyglobby/-/tinyglobby-0.2.17.tgz. Extracting by manifest.
407 silly tarball no local data for detect-libc@https://registry.npmjs.org/detect-libc/-/detect-libc-2.1.2.tgz. Extracting by manifest.
408 silly tarball no local data for @rolldown/pluginutils@https://registry.npmjs.org/@rolldown/pluginutils/-/pluginutils-1.0.1.tgz. Extracting by manifest.
409 silly tarball no local data for rolldown@https://registry.npmjs.org/rolldown/-/rolldown-1.2.5.tgz. Extracting by manifest.
410 silly tarball no local data for picomatch@https://registry.npmjs.org/picomatch/-/picomatch-4.0.5.tgz. Extracting by manifest.
411 silly tarball no local data for lightningcss@https://registry.npmjs.org/lightningcss/-/lightningcss-1.33.0.tgz. Extracting by manifest.
412 silly tarball no local data for @vitejs/plugin-react@https://registry.npmjs.org/@vitejs/plugin-react/-/plugin-react-6.1.0.tgz. Extracting by manifest.
413 silly tarball no local data for vite@https://registry.npmjs.org/vite/-/vite-8.2.2.tgz. Extracting by manifest.
414 http fetch GET 200 https://registry.npmjs.org/detect-libc/-/detect-libc-2.1.2.tgz 143ms (cache miss)
415 http fetch GET 200 https://registry.npmjs.org/fdir/-/fdir-6.5.0.tgz 167ms (cache miss)
416 http fetch GET 200 https://registry.npmjs.org/tinyglobby/-/tinyglobby-0.2.17.tgz 173ms (cache miss)
417 http fetch GET 200 https://registry.npmjs.org/@oxc-project/types/-/types-0.146.0.tgz 255ms (cache miss)
418 http fetch GET 200 https://registry.npmjs.org/@vitejs/plugin-react/-/plugin-react-6.1.0.tgz 260ms (cache miss)
419 http fetch GET 200 https://registry.npmjs.org/picomatch/-/picomatch-4.0.5.tgz 270ms (cache miss)
420 http fetch GET 200 https://registry.npmjs.org/lightningcss/-/lightningcss-1.33.0.tgz 296ms (cache miss)
421 http fetch POST 200 https://registry.npmjs.org/-/npm/v1/security/advisories/bulk 415ms
422 silly audit report {}
423 http fetch GET 200 https://registry.npmjs.org/rolldown/-/rolldown-1.2.5.tgz 425ms (cache miss)
424 http fetch GET 200 https://registry.npmjs.org/@rolldown/pluginutils/-/pluginutils-1.0.1.tgz 434ms (cache miss)
425 http fetch GET 200 https://registry.npmjs.org/vite/-/vite-8.2.2.tgz 951ms (cache miss)
426 http fetch GET 200 https://registry.npmjs.org/lightningcss-win32-x64-msvc/-/lightningcss-win32-x64-msvc-1.33.0.tgz 3346ms (cache miss)
427 http fetch GET 200 https://registry.npmjs.org/@rolldown/binding-win32-x64-msvc/-/binding-win32-x64-msvc-1.2.5.tgz 5296ms (cache miss)
428 silly ADD node_modules/fdir
429 silly ADD node_modules/@rolldown/binding-win32-x64-msvc
430 silly ADD node_modules/@oxc-project/types
431 silly ADD node_modules/lightningcss-win32-x64-msvc
432 silly ADD node_modules/detect-libc
433 silly ADD node_modules/tinyglobby
434 silly ADD node_modules/rolldown
435 silly ADD node_modules/picomatch
436 silly ADD node_modules/lightningcss
437 silly ADD node_modules/@rolldown/pluginutils
438 silly ADD node_modules/vite
439 silly ADD node_modules/@vitejs/plugin-react
440 verbose cwd D:\Saloon-sample
441 verbose os Windows_NT 10.0.26200
442 verbose node v20.19.4
443 verbose npm  v11.14.1
444 verbose exit 0
445 info ok
